---
http_interactions:
- request:
    method: get
    uri: http://192.168.173.10:8133/api/v1/query?query=node_memory_MemAvailable_bytes%7Bnode=%22test01%22,region=%22dev%22,job=~%22node-exporter%22%7D
    body:
      encoding: US-ASCII
      string: ''
    headers:
      Authorization:
      - Basic cHJvbXVzZXI6RVpacmRHdzBnM3ZsQUNtd3lXTk9PMU9q
      User-Agent:
      - Faraday v1.8.0
      Accept-Encoding:
      - gzip;q=1.0,deflate;q=0.6,identity;q=0.3
      Accept:
      - "*/*"
  response:
    status:
      code: 200
      message: OK
    headers:
      Server:
      - nginx/1.18.0
      Date:
      - Wed, 20 Oct 2021 22:29:04 GMT
      Content-Type:
      - application/json
      Content-Length:
      - '63'
      Connection:
      - keep-alive
    body:
      encoding: UTF-8
      string: '{"status":"success","data":{"resultType":"vector","result":[]}}'
  recorded_at: Wed, 20 Oct 2021 22:29:04 GMT
- request:
    method: get
    uri: http://192.168.173.10:8133/api/v1/query?query=node_memory_MemAvailable_bytes%7Bnode=%22test02%22,region=%22dev%22,job=~%22node-exporter%22%7D
    body:
      encoding: US-ASCII
      string: ''
    headers:
      Authorization:
      - Basic cHJvbXVzZXI6RVpacmRHdzBnM3ZsQUNtd3lXTk9PMU9q
      User-Agent:
      - Faraday v1.8.0
      Accept-Encoding:
      - gzip;q=1.0,deflate;q=0.6,identity;q=0.3
      Accept:
      - "*/*"
  response:
    status:
      code: 200
      message: OK
    headers:
      Server:
      - nginx/1.18.0
      Date:
      - Wed, 20 Oct 2021 22:29:04 GMT
      Content-Type:
      - application/json
      Content-Length:
      - '63'
      Connection:
      - keep-alive
    body:
      encoding: UTF-8
      string: '{"status":"success","data":{"resultType":"vector","result":[]}}'
  recorded_at: Wed, 20 Oct 2021 22:29:04 GMT
- request:
    method: get
    uri: http://192.168.173.10:8133/api/v1/query?query=node_memory_MemAvailable_bytes%7Bnode=%22test03%22,region=%22dev%22,job=~%22node-exporter%22%7D
    body:
      encoding: US-ASCII
      string: ''
    headers:
      Authorization:
      - Basic cHJvbXVzZXI6RVpacmRHdzBnM3ZsQUNtd3lXTk9PMU9q
      User-Agent:
      - Faraday v1.8.0
      Accept-Encoding:
      - gzip;q=1.0,deflate;q=0.6,identity;q=0.3
      Accept:
      - "*/*"
  response:
    status:
      code: 200
      message: OK
    headers:
      Server:
      - nginx/1.18.0
      Date:
      - Wed, 20 Oct 2021 22:29:04 GMT
      Content-Type:
      - application/json
      Content-Length:
      - '63'
      Connection:
      - keep-alive
    body:
      encoding: UTF-8
      string: '{"status":"success","data":{"resultType":"vector","result":[]}}'
  recorded_at: Wed, 20 Oct 2021 22:29:04 GMT
- request:
    method: get
    uri: http://192.168.173.10:8133/api/v1/query?query=node_memory_MemAvailable_bytes%7Bnode=%22test01%22,region=%22dev%22,job=~%22node-exporter%22%7D
    body:
      encoding: US-ASCII
      string: ''
    headers:
      Authorization:
      - Basic cHJvbXVzZXI6RVpacmRHdzBnM3ZsQUNtd3lXTk9PMU9q
      User-Agent:
      - Faraday v1.8.0
      Accept-Encoding:
      - gzip;q=1.0,deflate;q=0.6,identity;q=0.3
      Accept:
      - "*/*"
  response:
    status:
      code: 200
      message: OK
    headers:
      Server:
      - nginx/1.18.0
      Date:
      - Wed, 20 Oct 2021 22:29:20 GMT
      Content-Type:
      - application/json
      Content-Length:
      - '63'
      Connection:
      - keep-alive
    body:
      encoding: UTF-8
      string: '{"status":"success","data":{"resultType":"vector","result":[]}}'
  recorded_at: Wed, 20 Oct 2021 22:29:20 GMT
- request:
    method: get
    uri: http://192.168.173.10:8133/api/v1/query?query=node_memory_MemAvailable_bytes%7Bnode=%22test02%22,region=%22dev%22,job=~%22node-exporter%22%7D
    body:
      encoding: US-ASCII
      string: ''
    headers:
      Authorization:
      - Basic cHJvbXVzZXI6RVpacmRHdzBnM3ZsQUNtd3lXTk9PMU9q
      User-Agent:
      - Faraday v1.8.0
      Accept-Encoding:
      - gzip;q=1.0,deflate;q=0.6,identity;q=0.3
      Accept:
      - "*/*"
  response:
    status:
      code: 200
      message: OK
    headers:
      Server:
      - nginx/1.18.0
      Date:
      - Wed, 20 Oct 2021 22:29:20 GMT
      Content-Type:
      - application/json
      Content-Length:
      - '63'
      Connection:
      - keep-alive
    body:
      encoding: UTF-8
      string: '{"status":"success","data":{"resultType":"vector","result":[]}}'
  recorded_at: Wed, 20 Oct 2021 22:29:20 GMT
- request:
    method: get
    uri: http://192.168.173.10:8133/api/v1/query?query=node_memory_MemAvailable_bytes%7Bnode=%22test03%22,region=%22dev%22,job=~%22node-exporter%22%7D
    body:
      encoding: US-ASCII
      string: ''
    headers:
      Authorization:
      - Basic cHJvbXVzZXI6RVpacmRHdzBnM3ZsQUNtd3lXTk9PMU9q
      User-Agent:
      - Faraday v1.8.0
      Accept-Encoding:
      - gzip;q=1.0,deflate;q=0.6,identity;q=0.3
      Accept:
      - "*/*"
  response:
    status:
      code: 200
      message: OK
    headers:
      Server:
      - nginx/1.18.0
      Date:
      - Wed, 20 Oct 2021 22:29:20 GMT
      Content-Type:
      - application/json
      Content-Length:
      - '63'
      Connection:
      - keep-alive
    body:
      encoding: UTF-8
      string: '{"status":"success","data":{"resultType":"vector","result":[]}}'
  recorded_at: Wed, 20 Oct 2021 22:29:20 GMT
recorded_with: VCR 6.0.0
